"decimalLatitude","decimalLongitude","geodeticDatum","locationID","eventDate","year","month","bibliographicCitation","samplingProtocol","var1Name","var1Value","var1Units","var2Name","var2Value","var2Units","var3Name","var3Value","var3Units","var4Name","var4Value","var4Units","var5Name","var5Value","var5Units","var6Name","var6Value","var6Units","var7Name","var7Value","var7Units"
-23.5318398476576,138.321378247854,"GDA94","aekos.org.au/collection/adelaide.edu.au/trend/SATFLB0025","1990-03-30",1990,3,"TERN Australian Transect Network, Biomes of Australian Soils Consortium (2015). Transects for Environmental Monitoring and Decision Making (TREND) (2013-2015) and TREND-Biome of Australia Soil Environments (BASE) - Soil samples for physical structure and chemical analysis (14 sites) throughout Australia (2013), Version 11/2015. Persistent Hyperlink: http://www.aekos.org.au/collection/adelaide.edu.au/trend. &#198;KOS Data Portal, rights owned by The University of Adelaide (TERN Australian Transects Network - TREND), Bioplatforms Australia Ltd. Accessed [dd mmm yyyy, e.g. 01 Jan 2016].","aekos.org.au/collection/adelaide.edu.au/trend","rainfallTotal","0.4","rainfallTotal","49.8","rainfallMean","0.013333333","rainfallMean","1.606451613","temperatureMean","28.12631579","temperatureMaximum","38.03157895","temperatureMinimum","16.86315789"