6591827.848,273489.568,"Universal Transverse Mercator GDA94","aekos.org.au/collection/adelaide.edu.au/trend/SATFLB0025","Calotis hispidula",1,"2001-01-15",2001,1,"TERN Australian Transect Network, Biomes of Australian Soils Consortium (2015). Transects for Environmental Monitoring and Decision Making (TREND) (2013-2015) and TREND-Biome of Australia Soil Environments (BASE) - Soil samples for physical structure and chemical analysis (14 sites) throughout Australia (2013), Version 11/2015. Persistent Hyperlink: http://www.aekos.org.au/collection/adelaide.edu.au/trend. &#198;KOS Data Portal, rights owned by The University of Adelaide (TERN Australian Transects Network - TREND), Bioplatforms Australia Ltd. Accessed [dd mmm yyyy, e.g. 01 Jan 2016].","aekos.org.au/collection/adelaide.edu.au/trend"
6591827.848,273489.568,"Universal Transverse Mercator GDA94","aekos.org.au/collection/adelaide.edu.au/trend/SATFLB0025","Calotis hispidula",1,"2013-12-31",2013,12,"TERN Australian Transect Network, Biomes of Australian Soils Consortium (2015). Transects for Environmental Monitoring and Decision Making (TREND) (2013-2015) and TREND-Biome of Australia Soil Environments (BASE) - Soil samples for physical structure and chemical analysis (14 sites) throughout Australia (2013), Version 11/2015. Persistent Hyperlink: http://www.aekos.org.au/collection/adelaide.edu.au/trend. &#198;KOS Data Portal, rights owned by The University of Adelaide (TERN Australian Transects Network - TREND), Bioplatforms Australia Ltd. Accessed [dd mmm yyyy, e.g. 01 Jan 2016].","aekos.org.au/collection/adelaide.edu.au/trend"
6634889.271,329594.712,"Universal Transverse Mercator GDA94","aekos.org.au/collection/adelaide.edu.au/trend/SATFLB0022","Goodenia havilandii",1,"2013-12-31",2013,12,"TERN Australian Transect Network, Biomes of Australian Soils Consortium (2015). Transects for Environmental Monitoring and Decision Making (TREND) (2013-2015) and TREND-Biome of Australia Soil Environments (BASE) - Soil samples for physical structure and chemical analysis (14 sites) throughout Australia (2013), Version 11/2015. Persistent Hyperlink: http://www.aekos.org.au/collection/adelaide.edu.au/trend. &#198;KOS Data Portal, rights owned by The University of Adelaide (TERN Australian Transects Network - TREND), Bioplatforms Australia Ltd. Accessed [dd mmm yyyy, e.g. 01 Jan 2016].","aekos.org.au/collection/adelaide.edu.au/trend"