"decimalLatitude","decimalLongitude","geodeticDatum","locationID","scientificNames","taxonRemarks","eventDate","year","month","bibliographicCitation","samplingProtocol","var1Name","var1Value","var1Units","var2Name","var2Value","var2Units","var3Name","var3Value","var3Units","var4Name","var4Value","var4Units","var5Name","var5Value","var5Units"
-23.5318398476576,138.321378247854,"GDA94","aekos.org.au/collection/sydney.edu.au/DERG/Plum%20Pudding","Calotis hispidula","","1990-03-30",1990,3,"Wardle GMW, Dickman CRD, Long Term Ecological Research Network (2015). Desert Ecology Research Group Plots (1990-2011) and Long Term Ecological Research Network (2012-2015), Simpson Desert, Western Queensland, Australia, Version 3/2016. Persistent Hyperlink: http://www.aekos.org.au/collection/sydney.edu.au/DERG. &#198;KOS Data Portal, rights owned by University of Sydney via LTERN's Data Portal. Accessed [dd mmm yyyy, e.g. 01 Jan 2016].","aekos.org.au/collection/sydney.edu.au/DERG"
-33.60974828576365,120.15047758874314,"GDA94","aekos.org.au/collection/wa.gov.au/ravensthorpe/R002","Dodonaea concinna Benth.|Lasiopetalum compactum","Hakea obtusa","1990-03-30",1990,3,"Department of Parks and Wildlife (Biogeography Program) (2012). Biological Survey of the Ravensthorpe Range (Phase 1), Version 1/2013. Persistent Hyperlink: http://www.aekos.org.au/collection/wa.gov.au/ravensthorpe. &#198;KOS Data Portal, rights owned by the State of Western Australia (Department of Parks and Wildlife). Accessed [dd mmm yyyy, e.g. 01 Jan 2016].","aekos.org.au/collection/wa.gov.au/ravensthorpe","aspect","215","degrees","slope","4","degrees","surfaceType","Soft","","disturbanceType","No effective disturbance","","electricalConductivity","40","millisiemens per metre"