"decimalLatitude","decimalLongitude","geodeticDatum","locationID","scientificName","taxonRemarks","individualCount","eventDate","year","month","bibliographicCitation","samplingProtocol"
-23.5318398476576,138.321378247854,"GDA94","aekos.org.au/collection/sydney.edu.au/DERG/Plum%20Pudding","Calotis hispidula","",1,"1990-03-30",1990,3,"Wardle GMW, Dickman CRD, Long Term Ecological Research Network (2015). Desert Ecology Research Group Plots (1990-2011) and Long Term Ecological Research Network (2012-2015), Simpson Desert, Western Queensland, Australia, Version 3/2016. Persistent Hyperlink: http://www.aekos.org.au/collection/sydney.edu.au/DERG. &#198;KOS Data Portal, rights owned by University of Sydney via LTERN's Data Portal. Accessed [dd mmm yyyy, e.g. 01 Jan 2016].","aekos.org.au/collection/sydney.edu.au/DERG"