"decimalLatitude","decimalLongitude","geodeticDatum","locationID","scientificName","taxonRemarks","individualCount","eventDate","year","month","bibliographicCitation","samplingProtocol","locationName","datasetName"
-27.4046619945479,120.681093054999,"GDA94","aekos.org.au/collection/wa.gov.au/swatt/Wanjarri","Acacia aneura","",1,"2013-08-27",2013,8,"TERN Australian Transect Network, Department of Parks and Wildlife, Western Australia (2013). South West Australian Transitional Transect (SWATT), Version 11/2014. Persistent Hyperlink: http://www.aekos.org.au/collection/wa.gov.au/swatt. &#198;KOS Data Portal, rights owned by The University of Adelaide, Adelaide, South Australia and the State of Western Australia (Department of Parks and Wildlife). Accessed [dd mmm yyyy, e.g. 01 Jan 2016].","aekos.org.au/collection/wa.gov.au/swatt","Wanjarri","Some Title"